2026-09-22 14:21:42,004 root:44 [INFO] rebucca v1.004,rebucca
2026-09-22 14:21:42,004 root:45 [INFO] rebucca built on 2026/09/02
2026-09-22 14:21:42,004 root:46 [INFO] g_filepath_config_json=E:\Anker黑客松\rebucca-main\rebucca-main\config.json
2026-09-22 14:21:42,004 root:47 [INFO] config.json:{'safe': 'rebucca_safe_key_2026', 'host': '0.0.0.0', 'adminPort': 10001, 'mediaHttpPort': 10002, 'mediaRtspPort': 10554, 'mediaRtmpPort': 10935, 'isEnableMediaProxyRtmp': True, 'mediaSecret': 'aqxY9ps21fyhyKNRyYpGvJCTp1JBeGOM', 'mediaStartPath': 'zlm\\bin.x86.windows10\\rebucca_zlm.exe', 'mediaStartConfigPath': 'zlm\\bin.x86.windows10\\config.ini', 'autoStartMedia': True, 'ffmpeg': 'ffmpeg', 'fontPath': 'static\\fonts\\tsimhei.ttf', 'uploadDir': 'static\\upload', 'storageDir': 'static\\storage', 'autoAddStreamProxySleep': 16, 'autoAddStreamProxy': True, 'logDebug': True, 'isEnableLoginCaptcha': False, 'isEnableUpdatePopup': True, 'analysisTargetFps': 5, 'analysisConfThreshold': 0.4, 'analysisProcessMode': 1, 'analysisSharedInference': True, 'analysisInferenceWorkers': 2, 'recordingEnabled': False, 'recordingSegmentSeconds': 600, 'recordingRetainDays': 7, 'recordingRetainGb': 0.0, 'sipServer': {'sipServerIp': '192.168.1.7', 'sipServerPort': 15060, 'sipServerNonce': '12345678', 'sipTransferMode': 0, 'sipServerId': '34020000009000009999', 'sipServerRealm': '3402000000', 'sipServerPass': '123456', 'sipServerTimeout': 300, 'sipServerExpiry': 1800, 'rtpTransferMode': 0, 'rtpTransferAudioType': 0, 'autoInviteAfterRecCateLog': True}}
2026-09-22 14:21:42,005 root:48 [INFO] logDebug=1
2026-09-22 14:21:42,005 root:51 [INFO] argv_extend=test
2026-09-22 14:21:42,005 root:19 [INFO] ZLMediaKitApi.__init__()
2026-09-22 14:21:42,005 root:289 [DEBUG] GB28181SipServer.__init__()
2026-09-22 14:21:42,005 root:410 [DEBUG] [GSS] start...
2026-09-22 14:21:42,005 root:428 [DEBUG] [GSS] SIP服务器已启动: UDP 0.0.0.0:15060:192.168.1.7:15060
2026-09-22 14:21:42,050 root:321 [INFO] InnerView.t_init_thread()
2026-09-22 14:21:42,080 services.brain_center:50 [WARNING] 未找到启用的 LLMModel，BrainCenter 将无法调用 VLM
2026-09-22 14:21:42,083 services.brain_center:50 [WARNING] 未找到启用的 LLMModel，BrainCenter 将无法调用 VLM
2026-09-22 14:21:42,085 services.brain_center:50 [WARNING] 未找到启用的 LLMModel，BrainCenter 将无法调用 VLM
2026-09-22 14:21:42,086 services.brain_center:50 [WARNING] 未找到启用的 LLMModel，BrainCenter 将无法调用 VLM
2026-09-22 14:21:42,088 services.brain_center:50 [WARNING] 未找到启用的 LLMModel，BrainCenter 将无法调用 VLM
2026-09-22 14:21:42,089 services.brain_center:136 [INFO] BrainEvent 入库 id=1 cam=2 subject= action= anomaly=0.95
2026-09-22 14:21:42,090 services.brain_center:50 [WARNING] 未找到启用的 LLMModel，BrainCenter 将无法调用 VLM
2026-09-22 14:21:42,091 services.brain_center:136 [INFO] BrainEvent 入库 id=1 cam=1 subject= action= anomaly=0.00
2026-09-22 14:21:42,092 services.brain_center:50 [WARNING] 未找到启用的 LLMModel，BrainCenter 将无法调用 VLM
2026-09-22 14:21:42,092 services.brain_center:136 [INFO] BrainEvent 入库 id=1 cam=4 subject= action= anomaly=0.00
2026-09-22 14:21:42,093 services.brain_center:50 [WARNING] 未找到启用的 LLMModel，BrainCenter 将无法调用 VLM
2026-09-22 14:21:42,093 services.brain_center:136 [INFO] BrainEvent 入库 id=1 cam=3 subject= action= anomaly=0.00
2026-09-22 14:21:42,095 services.brain_center:50 [WARNING] 未找到启用的 LLMModel，BrainCenter 将无法调用 VLM
2026-09-22 14:21:42,097 services.brain_center:50 [WARNING] 未找到启用的 LLMModel，BrainCenter 将无法调用 VLM
2026-09-22 14:21:42,099 services.brain_center:82 [WARNING] VLM 返回无法解析为 JSON: hello
2026-09-22 14:21:42,101 services.brain_center:50 [WARNING] 未找到启用的 LLMModel，BrainCenter 将无法调用 VLM
2026-09-22 14:21:42,104 services.brain_center:292 [INFO] WeeklyReport 生成 id=1 week=2026-09-21~2026-09-27 anomaly=2
2026-09-22 14:21:42,106 services.brain_center:50 [WARNING] 未找到启用的 LLMModel，BrainCenter 将无法调用 VLM
2026-09-22 14:21:42,109 services.brain_center:292 [INFO] WeeklyReport 生成 id=1 week=2026-09-21~2026-09-27 anomaly=2
2026-09-22 14:21:42,111 services.brain_center:292 [INFO] WeeklyReport 生成 id=2 week=2026-09-21~2026-09-27 anomaly=2
2026-09-22 14:21:42,275 services.outdoor_scene:297 [INFO] PTZ 控制 cam=300 direction=preset angle=3 (ONVIF 未真正实现)
2026-09-22 14:21:42,275 services.outdoor_scene:317 [INFO] 灯光控制 cam=300 on=True brightness=100
2026-09-22 14:21:42,275 services.outdoor_scene:332 [INFO] TTS 播报 cam=300 text=这里是私人区域，请立即离开！
2026-09-22 14:21:42,275 services.outdoor_scene:252 [WARNING] 入侵场景触发 cam=300
2026-09-22 14:21:42,278 services.outdoor_scene:297 [INFO] PTZ 控制 cam=300 direction=preset angle=1 (ONVIF 未真正实现)
2026-09-22 14:21:42,278 services.outdoor_scene:317 [INFO] 灯光控制 cam=300 on=True brightness=80
2026-09-22 14:21:42,278 services.outdoor_scene:332 [INFO] TTS 播报 cam=300 text=欢迎回家
2026-09-22 14:21:42,278 services.outdoor_scene:204 [INFO] 迎宾场景 cam=300 person=family actions=3
2026-09-22 14:21:42,279 services.brain_center:50 [WARNING] 未找到启用的 LLMModel，BrainCenter 将无法调用 VLM
2026-09-22 14:21:42,284 services.outdoor_scene:317 [INFO] 灯光控制 cam=1 on=True brightness=80
2026-09-22 14:21:42,285 services.outdoor_scene:297 [INFO] PTZ 控制 cam=1 direction=preset angle=3 (ONVIF 未真正实现)
2026-09-22 14:21:42,285 services.outdoor_scene:332 [INFO] TTS 播报 cam=1 text=你好
2026-09-22 14:21:42,287 services.outdoor_scene:297 [INFO] PTZ 控制 cam=100 direction=preset angle=2 (ONVIF 未真正实现)
2026-09-22 14:21:42,288 services.outdoor_scene:317 [INFO] 灯光控制 cam=100 on=True brightness=80
2026-09-22 14:21:42,288 services.outdoor_scene:332 [INFO] TTS 播报 cam=100 text=快递已到门口，请查收。
2026-09-22 14:21:42,290 services.outdoor_scene:297 [INFO] PTZ 控制 cam=100 direction=preset angle=3 (ONVIF 未真正实现)
2026-09-22 14:21:42,291 services.outdoor_scene:317 [INFO] 灯光控制 cam=100 on=True brightness=100
2026-09-22 14:21:42,291 services.outdoor_scene:332 [INFO] TTS 播报 cam=100 text=这里是私人区域，请立即离开！
2026-09-22 14:21:42,291 services.outdoor_scene:252 [WARNING] 入侵场景触发 cam=100
2026-09-22 14:21:42,294 services.outdoor_scene:297 [INFO] PTZ 控制 cam=100 direction=preset angle=2 (ONVIF 未真正实现)
2026-09-22 14:21:42,294 services.outdoor_scene:317 [INFO] 灯光控制 cam=100 on=True brightness=60
2026-09-22 14:21:42,294 services.outdoor_scene:332 [INFO] TTS 播报 cam=100 text=您好，请问找谁？
2026-09-22 14:21:42,296 services.outdoor_scene:297 [INFO] PTZ 控制 cam=100 direction=preset angle=1 (ONVIF 未真正实现)
2026-09-22 14:21:42,297 services.outdoor_scene:317 [INFO] 灯光控制 cam=100 on=True brightness=80
2026-09-22 14:21:42,297 services.outdoor_scene:332 [INFO] TTS 播报 cam=100 text=欢迎回家
2026-09-22 14:21:42,297 services.outdoor_scene:204 [INFO] 迎宾场景 cam=100 person=family actions=3
2026-09-22 14:21:42,300 services.outdoor_scene:297 [INFO] PTZ 控制 cam=200 direction=preset angle=1 (ONVIF 未真正实现)
2026-09-22 14:21:42,300 services.outdoor_scene:317 [INFO] 灯光控制 cam=200 on=True brightness=80
2026-09-22 14:21:42,300 services.outdoor_scene:332 [INFO] TTS 播报 cam=200 text=欢迎回家
2026-09-22 14:21:42,300 services.outdoor_scene:204 [INFO] 迎宾场景 cam=200 person=family actions=3
2026-09-22 14:21:42,300 services.outdoor_scene:109 [INFO] OutdoorEvent 入库 id=1 cam=200 scene=welcome person=family
2026-09-22 14:21:42,304 services.outdoor_scene:297 [INFO] PTZ 控制 cam=200 direction=preset angle=2 (ONVIF 未真正实现)
2026-09-22 14:21:42,304 services.outdoor_scene:317 [INFO] 灯光控制 cam=200 on=True brightness=60
2026-09-22 14:21:42,304 services.outdoor_scene:332 [INFO] TTS 播报 cam=200 text=您好，请问找谁？
2026-09-22 14:21:42,304 services.outdoor_scene:109 [INFO] OutdoorEvent 入库 id=1 cam=200 scene=visitor person=stranger
2026-09-22 14:21:42,308 services.brain_center:50 [WARNING] 未找到启用的 LLMModel，BrainCenter 将无法调用 VLM
2026-09-22 14:21:42,308 services.outdoor_scene:297 [INFO] PTZ 控制 cam=200 direction=preset angle=2 (ONVIF 未真正实现)
2026-09-22 14:21:42,308 services.outdoor_scene:317 [INFO] 灯光控制 cam=200 on=True brightness=60
2026-09-22 14:21:42,308 services.outdoor_scene:332 [INFO] TTS 播报 cam=200 text=您好，请问找谁？
2026-09-22 14:21:42,309 services.outdoor_scene:109 [INFO] OutdoorEvent 入库 id=1 cam=200 scene=visitor person=unknown
