2026-09-22 14:18:04,256 root:44 [INFO] rebucca v1.004,rebucca
2026-09-22 14:18:04,256 root:45 [INFO] rebucca built on 2026/09/02
2026-09-22 14:18:04,256 root:46 [INFO] g_filepath_config_json=E:\Anker黑客松\rebucca-main\rebucca-main\config.json
2026-09-22 14:18:04,256 root:47 [INFO] config.json:{'safe': 'rebucca_safe_key_2026', 'host': '0.0.0.0', 'adminPort': 10001, 'mediaHttpPort': 10002, 'mediaRtspPort': 10554, 'mediaRtmpPort': 10935, 'isEnableMediaProxyRtmp': True, 'mediaSecret': 'aqxY9ps21fyhyKNRyYpGvJCTp1JBeGOM', 'mediaStartPath': 'zlm\\bin.x86.windows10\\rebucca_zlm.exe', 'mediaStartConfigPath': 'zlm\\bin.x86.windows10\\config.ini', 'autoStartMedia': True, 'ffmpeg': 'ffmpeg', 'fontPath': 'static\\fonts\\tsimhei.ttf', 'uploadDir': 'static\\upload', 'storageDir': 'static\\storage', 'autoAddStreamProxySleep': 16, 'autoAddStreamProxy': True, 'logDebug': True, 'isEnableLoginCaptcha': False, 'isEnableUpdatePopup': True, 'analysisTargetFps': 5, 'analysisConfThreshold': 0.4, 'analysisProcessMode': 1, 'analysisSharedInference': True, 'analysisInferenceWorkers': 2, 'recordingEnabled': False, 'recordingSegmentSeconds': 600, 'recordingRetainDays': 7, 'recordingRetainGb': 0.0, 'sipServer': {'sipServerIp': '192.168.1.7', 'sipServerPort': 15060, 'sipServerNonce': '12345678', 'sipTransferMode': 0, 'sipServerId': '34020000009000009999', 'sipServerRealm': '3402000000', 'sipServerPass': '123456', 'sipServerTimeout': 300, 'sipServerExpiry': 1800, 'rtpTransferMode': 0, 'rtpTransferAudioType': 0, 'autoInviteAfterRecCateLog': True}}
2026-09-22 14:18:04,257 root:48 [INFO] logDebug=1
2026-09-22 14:18:04,257 root:51 [INFO] argv_extend=test
2026-09-22 14:18:04,257 root:19 [INFO] ZLMediaKitApi.__init__()
2026-09-22 14:18:04,257 root:289 [DEBUG] GB28181SipServer.__init__()
2026-09-22 14:18:04,257 root:410 [DEBUG] [GSS] start...
2026-09-22 14:18:04,258 root:428 [DEBUG] [GSS] SIP服务器已启动: UDP 0.0.0.0:15060:192.168.1.7:15060
2026-09-22 14:18:04,301 root:321 [INFO] InnerView.t_init_thread()
2026-09-22 14:18:04,351 services.brain_center:50 [WARNING] 未找到启用的 LLMModel，BrainCenter 将无法调用 VLM
2026-09-22 14:18:04,351 services.brain_center:149 [ERROR] BrainEvent 入库失败: Model.save() takes 1 positional argument but 5 were given
Traceback (most recent call last):
  File "E:\Anker黑客松\rebucca-main\rebucca-main\app\services\brain_center.py", line 125, in process_event
    be = BrainEvent.objects.create(
        camera_id=int(camera_id),
    ...<7 lines>...
        video_clip_path=video_clip_path or "",
    )
  File "C:\Users\HP\AppData\Roaming\Python\Python314\site-packages\django\db\models\manager.py", line 87, in manager_method
    return getattr(self.get_queryset(), name)(*args, **kwargs)
           ~~~~~~~~~~~~~~~~~~~~~~~~~~~~~~~~~~^^^^^^^^^^^^^^^^^
  File "C:\Users\HP\AppData\Roaming\Python\Python314\site-packages\django\db\models\query.py", line 752, in create
    obj.save(force_insert=True, using=self.db)
    ~~~~~~~~^^^^^^^^^^^^^^^^^^^^^^^^^^^^^^^^^^
  File "E:\Anker黑客松\rebucca-main\rebucca-main\app\models.py", line 466, in save
    ret = super(BrainEvent, self).save(force_insert, force_update, using, update_fields)
TypeError: Model.save() takes 1 positional argument but 5 were given
2026-09-22 14:18:04,354 services.brain_center:50 [WARNING] 未找到启用的 LLMModel，BrainCenter 将无法调用 VLM
2026-09-22 14:18:04,355 services.brain_center:149 [ERROR] BrainEvent 入库失败: Model.save() takes 1 positional argument but 5 were given
Traceback (most recent call last):
  File "E:\Anker黑客松\rebucca-main\rebucca-main\app\services\brain_center.py", line 125, in process_event
    be = BrainEvent.objects.create(
        camera_id=int(camera_id),
    ...<7 lines>...
        video_clip_path=video_clip_path or "",
    )
  File "C:\Users\HP\AppData\Roaming\Python\Python314\site-packages\django\db\models\manager.py", line 87, in manager_method
    return getattr(self.get_queryset(), name)(*args, **kwargs)
           ~~~~~~~~~~~~~~~~~~~~~~~~~~~~~~~~~~^^^^^^^^^^^^^^^^^
  File "C:\Users\HP\AppData\Roaming\Python\Python314\site-packages\django\db\models\query.py", line 752, in create
    obj.save(force_insert=True, using=self.db)
    ~~~~~~~~^^^^^^^^^^^^^^^^^^^^^^^^^^^^^^^^^^
  File "E:\Anker黑客松\rebucca-main\rebucca-main\app\models.py", line 466, in save
    ret = super(BrainEvent, self).save(force_insert, force_update, using, update_fields)
TypeError: Model.save() takes 1 positional argument but 5 were given
2026-09-22 14:18:04,357 services.brain_center:50 [WARNING] 未找到启用的 LLMModel，BrainCenter 将无法调用 VLM
2026-09-22 14:18:04,357 services.brain_center:149 [ERROR] BrainEvent 入库失败: Model.save() takes 1 positional argument but 5 were given
Traceback (most recent call last):
  File "E:\Anker黑客松\rebucca-main\rebucca-main\app\services\brain_center.py", line 125, in process_event
    be = BrainEvent.objects.create(
        camera_id=int(camera_id),
    ...<7 lines>...
        video_clip_path=video_clip_path or "",
    )
  File "C:\Users\HP\AppData\Roaming\Python\Python314\site-packages\django\db\models\manager.py", line 87, in manager_method
    return getattr(self.get_queryset(), name)(*args, **kwargs)
           ~~~~~~~~~~~~~~~~~~~~~~~~~~~~~~~~~~^^^^^^^^^^^^^^^^^
  File "C:\Users\HP\AppData\Roaming\Python\Python314\site-packages\django\db\models\query.py", line 752, in create
    obj.save(force_insert=True, using=self.db)
    ~~~~~~~~^^^^^^^^^^^^^^^^^^^^^^^^^^^^^^^^^^
  File "E:\Anker黑客松\rebucca-main\rebucca-main\app\models.py", line 466, in save
    ret = super(BrainEvent, self).save(force_insert, force_update, using, update_fields)
TypeError: Model.save() takes 1 positional argument but 5 were given
2026-09-22 14:18:04,360 services.brain_center:50 [WARNING] 未找到启用的 LLMModel，BrainCenter 将无法调用 VLM
2026-09-22 14:18:04,360 services.brain_center:149 [ERROR] BrainEvent 入库失败: Model.save() takes 1 positional argument but 5 were given
Traceback (most recent call last):
  File "E:\Anker黑客松\rebucca-main\rebucca-main\app\services\brain_center.py", line 125, in process_event
    be = BrainEvent.objects.create(
        camera_id=int(camera_id),
    ...<7 lines>...
        video_clip_path=video_clip_path or "",
    )
  File "C:\Users\HP\AppData\Roaming\Python\Python314\site-packages\django\db\models\manager.py", line 87, in manager_method
    return getattr(self.get_queryset(), name)(*args, **kwargs)
           ~~~~~~~~~~~~~~~~~~~~~~~~~~~~~~~~~~^^^^^^^^^^^^^^^^^
  File "C:\Users\HP\AppData\Roaming\Python\Python314\site-packages\django\db\models\query.py", line 752, in create
    obj.save(force_insert=True, using=self.db)
    ~~~~~~~~^^^^^^^^^^^^^^^^^^^^^^^^^^^^^^^^^^
  File "E:\Anker黑客松\rebucca-main\rebucca-main\app\models.py", line 466, in save
    ret = super(BrainEvent, self).save(force_insert, force_update, using, update_fields)
TypeError: Model.save() takes 1 positional argument but 5 were given
2026-09-22 14:18:04,362 services.brain_center:50 [WARNING] 未找到启用的 LLMModel，BrainCenter 将无法调用 VLM
2026-09-22 14:18:04,363 services.brain_center:50 [WARNING] 未找到启用的 LLMModel，BrainCenter 将无法调用 VLM
2026-09-22 14:18:04,365 services.brain_center:82 [WARNING] VLM 返回无法解析为 JSON: hello
