2026-09-22 14:56:43,086 root:44 [INFO] rebucca v1.004,rebucca
2026-09-22 14:56:43,086 root:45 [INFO] rebucca built on 2026/09/02
2026-09-22 14:56:43,086 root:46 [INFO] g_filepath_config_json=E:\Anker黑客松\rebucca-main\rebucca-main\config.json
2026-09-22 14:56:43,086 root:47 [INFO] config.json:{'safe': 'rebucca_safe_key_2026', 'host': '0.0.0.0', 'adminPort': 10001, 'mediaHttpPort': 10002, 'mediaRtspPort': 10554, 'mediaRtmpPort': 10935, 'isEnableMediaProxyRtmp': True, 'mediaSecret': 'aqxY9ps21fyhyKNRyYpGvJCTp1JBeGOM', 'mediaStartPath': 'zlm\\bin.x86.windows10\\rebucca_zlm.exe', 'mediaStartConfigPath': 'zlm\\bin.x86.windows10\\config.ini', 'autoStartMedia': True, 'ffmpeg': 'ffmpeg', 'fontPath': 'static\\fonts\\tsimhei.ttf', 'uploadDir': 'static\\upload', 'storageDir': 'static\\storage', 'autoAddStreamProxySleep': 16, 'autoAddStreamProxy': True, 'logDebug': True, 'isEnableLoginCaptcha': False, 'isEnableUpdatePopup': True, 'analysisTargetFps': 5, 'analysisConfThreshold': 0.4, 'analysisProcessMode': 1, 'analysisSharedInference': True, 'analysisInferenceWorkers': 2, 'recordingEnabled': False, 'recordingSegmentSeconds': 600, 'recordingRetainDays': 7, 'recordingRetainGb': 0.0, 'sipServer': {'sipServerIp': '192.168.1.7', 'sipServerPort': 15060, 'sipServerNonce': '12345678', 'sipTransferMode': 0, 'sipServerId': '34020000009000009999', 'sipServerRealm': '3402000000', 'sipServerPass': '123456', 'sipServerTimeout': 300, 'sipServerExpiry': 1800, 'rtpTransferMode': 0, 'rtpTransferAudioType': 0, 'autoInviteAfterRecCateLog': True}}
2026-09-22 14:56:43,087 root:48 [INFO] logDebug=1
2026-09-22 14:56:43,087 root:51 [INFO] argv_extend=runserver
2026-09-22 14:56:43,087 root:19 [INFO] ZLMediaKitApi.__init__()
2026-09-22 14:56:43,087 root:289 [DEBUG] GB28181SipServer.__init__()
2026-09-22 14:56:43,088 root:410 [DEBUG] [GSS] start...
2026-09-22 14:56:43,088 root:428 [DEBUG] [GSS] SIP服务器已启动: UDP 0.0.0.0:15060:192.168.1.7:15060
2026-09-22 14:56:43,132 root:321 [INFO] InnerView.t_init_thread()
2026-09-22 14:56:44,885 urllib3.connectionpool:241 [DEBUG] Starting new HTTP connection (1): 127.0.0.1:10002
2026-09-22 14:56:44,903 urllib3.connectionpool:544 [DEBUG] http://127.0.0.1:10002 "POST /index/api/getThreadsLoad HTTP/1.1" 200 1281
2026-09-22 14:56:44,904 app.bootstrap:72 [INFO] autoStartMedia: ok=True 流媒体服务已在运行
2026-09-22 14:56:59,133 urllib3.connectionpool:241 [DEBUG] Starting new HTTP connection (1): 127.0.0.1:10002
2026-09-22 14:56:59,135 urllib3.connectionpool:544 [DEBUG] http://127.0.0.1:10002 "GET /index/api/getMediaList?secret=aqxY9ps21fyhyKNRyYpGvJCTp1JBeGOM HTTP/1.1" 200 16
2026-09-22 14:56:59,137 root:330 [INFO] autoAddStreamProxy ret=1,msg=成功数量：0，失败数量：0
2026-09-22 14:56:59,757 django.request:283 [WARNING] Not Found: /@vite/client
2026-09-22 14:57:06,457 urllib3.connectionpool:241 [DEBUG] Starting new HTTP connection (1): 127.0.0.1:10002
2026-09-22 14:57:06,458 root:1139 [INFO] StreamView.openGetStatisticsStream() request_ip:127.0.0.1
2026-09-22 14:57:06,460 urllib3.connectionpool:241 [DEBUG] Starting new HTTP connection (1): 127.0.0.1:10002
2026-09-22 14:57:06,461 urllib3.connectionpool:544 [DEBUG] http://127.0.0.1:10002 "POST /index/api/getThreadsLoad HTTP/1.1" 200 1281
2026-09-22 14:57:06,462 urllib3.connectionpool:544 [DEBUG] http://127.0.0.1:10002 "GET /index/api/getMediaList?secret=aqxY9ps21fyhyKNRyYpGvJCTp1JBeGOM HTTP/1.1" 200 16
2026-09-22 14:57:06,463 root:1170 [INFO] StreamView.openGetStatisticsStream() res:{'code': 1000, 'msg': '操作成功', 'info': {'groupCount': 0, 'count': 0, 'forwardCount': 0}}
2026-09-22 14:57:09,221 urllib3.connectionpool:241 [DEBUG] Starting new HTTP connection (1): www.yuturuishi.com:80
2026-09-22 14:57:09,231 django.request:283 [WARNING] Not Found: /@vite/client
2026-09-22 14:57:12,346 api.brain:49 [ERROR] brain_events 异常: no such table: brain_event
Traceback (most recent call last):
  File "C:\Users\HP\AppData\Roaming\Python\Python314\site-packages\django\db\backends\utils.py", line 105, in _execute
    return self.cursor.execute(sql, params)
           ~~~~~~~~~~~~~~~~~~~^^^^^^^^^^^^^
  File "C:\Users\HP\AppData\Roaming\Python\Python314\site-packages\django\db\backends\sqlite3\base.py", line 359, in execute
    return super().execute(query, params)
           ~~~~~~~~~~~~~~~^^^^^^^^^^^^^^^
sqlite3.OperationalError: no such table: brain_event

The above exception was the direct cause of the following exception:

Traceback (most recent call last):
  File "E:\Anker黑客松\rebucca-main\rebucca-main\app\brain_api.py", line 46, in brain_events
    data = [_brain_event_to_dict(be) for be in qs]
                                               ^^
  File "C:\Users\HP\AppData\Roaming\Python\Python314\site-packages\django\db\models\query.py", line 473, in __iter__
    self._fetch_all()
    ~~~~~~~~~~~~~~~^^
  File "C:\Users\HP\AppData\Roaming\Python\Python314\site-packages\django\db\models\query.py", line 2287, in _fetch_all
    self._result_cache = list(self._iterable_class(self))
                         ~~~~^^^^^^^^^^^^^^^^^^^^^^^^^^^^
  File "C:\Users\HP\AppData\Roaming\Python\Python314\site-packages\django\db\models\query.py", line 131, in __iter__
    results = compiler.execute_sql(
        chunked_fetch=self.chunked_fetch, chunk_size=self.chunk_size
    )
  File "C:\Users\HP\AppData\Roaming\Python\Python314\site-packages\django\db\models\sql\compiler.py", line 1643, in execute_sql
    cursor.execute(sql, params)
    ~~~~~~~~~~~~~~^^^^^^^^^^^^^
  File "C:\Users\HP\AppData\Roaming\Python\Python314\site-packages\django\db\backends\utils.py", line 122, in execute
    return super().execute(sql, params)
           ~~~~~~~~~~~~~~~^^^^^^^^^^^^^
  File "C:\Users\HP\AppData\Roaming\Python\Python314\site-packages\django\db\backends\utils.py", line 79, in execute
    return self._execute_with_wrappers(
           ~~~~~~~~~~~~~~~~~~~~~~~~~~~^
        sql, params, many=False, executor=self._execute
        ^^^^^^^^^^^^^^^^^^^^^^^^^^^^^^^^^^^^^^^^^^^^^^^
    )
    ^
  File "C:\Users\HP\AppData\Roaming\Python\Python314\site-packages\django\db\backends\utils.py", line 92, in _execute_with_wrappers
    return executor(sql, params, many, context)
  File "C:\Users\HP\AppData\Roaming\Python\Python314\site-packages\django\db\backends\utils.py", line 100, in _execute
    with self.db.wrap_database_errors:
         ^^^^^^^^^^^^^^^^^^^^^^^^^^^^
  File "C:\Users\HP\AppData\Roaming\Python\Python314\site-packages\django\db\utils.py", line 94, in __exit__
    raise dj_exc_value.with_traceback(traceback) from exc_value
  File "C:\Users\HP\AppData\Roaming\Python\Python314\site-packages\django\db\backends\utils.py", line 105, in _execute
    return self.cursor.execute(sql, params)
           ~~~~~~~~~~~~~~~~~~~^^^^^^^^^^^^^
  File "C:\Users\HP\AppData\Roaming\Python\Python314\site-packages\django\db\backends\sqlite3\base.py", line 359, in execute
    return super().execute(query, params)
           ~~~~~~~~~~~~~~~^^^^^^^^^^^^^^^
django.db.utils.OperationalError: no such table: brain_event
2026-09-22 14:57:12,415 django.request:283 [WARNING] Not Found: /@vite/client
2026-09-22 14:57:16,108 urllib3.connectionpool:544 [DEBUG] http://www.yuturuishi.com:80 "POST /api/rebucca/checkVersion HTTP/1.1" 200 76
2026-09-22 14:57:17,167 api.outdoor:180 [ERROR] outdoor_events 异常: no such table: outdoor_event
Traceback (most recent call last):
  File "C:\Users\HP\AppData\Roaming\Python\Python314\site-packages\django\db\backends\utils.py", line 105, in _execute
    return self.cursor.execute(sql, params)
           ~~~~~~~~~~~~~~~~~~~^^^^^^^^^^^^^
  File "C:\Users\HP\AppData\Roaming\Python\Python314\site-packages\django\db\backends\sqlite3\base.py", line 359, in execute
    return super().execute(query, params)
           ~~~~~~~~~~~~~~~^^^^^^^^^^^^^^^
sqlite3.OperationalError: no such table: outdoor_event

The above exception was the direct cause of the following exception:

Traceback (most recent call last):
  File "E:\Anker黑客松\rebucca-main\rebucca-main\app\outdoor_api.py", line 177, in outdoor_events
    data = [_outdoor_event_to_dict(oe) for oe in qs]
                                                 ^^
  File "C:\Users\HP\AppData\Roaming\Python\Python314\site-packages\django\db\models\query.py", line 473, in __iter__
    self._fetch_all()
    ~~~~~~~~~~~~~~~^^
  File "C:\Users\HP\AppData\Roaming\Python\Python314\site-packages\django\db\models\query.py", line 2287, in _fetch_all
    self._result_cache = list(self._iterable_class(self))
                         ~~~~^^^^^^^^^^^^^^^^^^^^^^^^^^^^
  File "C:\Users\HP\AppData\Roaming\Python\Python314\site-packages\django\db\models\query.py", line 131, in __iter__
    results = compiler.execute_sql(
        chunked_fetch=self.chunked_fetch, chunk_size=self.chunk_size
    )
  File "C:\Users\HP\AppData\Roaming\Python\Python314\site-packages\django\db\models\sql\compiler.py", line 1643, in execute_sql
    cursor.execute(sql, params)
    ~~~~~~~~~~~~~~^^^^^^^^^^^^^
  File "C:\Users\HP\AppData\Roaming\Python\Python314\site-packages\django\db\backends\utils.py", line 122, in execute
    return super().execute(sql, params)
           ~~~~~~~~~~~~~~~^^^^^^^^^^^^^
  File "C:\Users\HP\AppData\Roaming\Python\Python314\site-packages\django\db\backends\utils.py", line 79, in execute
    return self._execute_with_wrappers(
           ~~~~~~~~~~~~~~~~~~~~~~~~~~~^
        sql, params, many=False, executor=self._execute
        ^^^^^^^^^^^^^^^^^^^^^^^^^^^^^^^^^^^^^^^^^^^^^^^
    )
    ^
  File "C:\Users\HP\AppData\Roaming\Python\Python314\site-packages\django\db\backends\utils.py", line 92, in _execute_with_wrappers
    return executor(sql, params, many, context)
  File "C:\Users\HP\AppData\Roaming\Python\Python314\site-packages\django\db\backends\utils.py", line 100, in _execute
    with self.db.wrap_database_errors:
         ^^^^^^^^^^^^^^^^^^^^^^^^^^^^
  File "C:\Users\HP\AppData\Roaming\Python\Python314\site-packages\django\db\utils.py", line 94, in __exit__
    raise dj_exc_value.with_traceback(traceback) from exc_value
  File "C:\Users\HP\AppData\Roaming\Python\Python314\site-packages\django\db\backends\utils.py", line 105, in _execute
    return self.cursor.execute(sql, params)
           ~~~~~~~~~~~~~~~~~~~^^^^^^^^^^^^^
  File "C:\Users\HP\AppData\Roaming\Python\Python314\site-packages\django\db\backends\sqlite3\base.py", line 359, in execute
    return super().execute(query, params)
           ~~~~~~~~~~~~~~~^^^^^^^^^^^^^^^
django.db.utils.OperationalError: no such table: outdoor_event
2026-09-22 14:57:17,171 root:1083 [INFO] StreamView.openGetAllStreamData() request_ip:127.0.0.1,params:{}
2026-09-22 14:57:17,172 urllib3.connectionpool:241 [DEBUG] Starting new HTTP connection (1): 127.0.0.1:10002
2026-09-22 14:57:17,173 urllib3.connectionpool:544 [DEBUG] http://127.0.0.1:10002 "GET /index/api/getMediaList?secret=aqxY9ps21fyhyKNRyYpGvJCTp1JBeGOM HTTP/1.1" 200 16
2026-09-22 14:57:17,174 root:1125 [INFO] StreamView.openGetAllStreamData() res.data length:0
2026-09-22 14:57:17,206 django.request:283 [WARNING] Not Found: /@vite/client
2026-09-22 14:57:22,840 api.brain:49 [ERROR] brain_events 异常: no such table: brain_event
Traceback (most recent call last):
  File "C:\Users\HP\AppData\Roaming\Python\Python314\site-packages\django\db\backends\utils.py", line 105, in _execute
    return self.cursor.execute(sql, params)
           ~~~~~~~~~~~~~~~~~~~^^^^^^^^^^^^^
  File "C:\Users\HP\AppData\Roaming\Python\Python314\site-packages\django\db\backends\sqlite3\base.py", line 359, in execute
    return super().execute(query, params)
           ~~~~~~~~~~~~~~~^^^^^^^^^^^^^^^
sqlite3.OperationalError: no such table: brain_event

The above exception was the direct cause of the following exception:

Traceback (most recent call last):
  File "E:\Anker黑客松\rebucca-main\rebucca-main\app\brain_api.py", line 46, in brain_events
    data = [_brain_event_to_dict(be) for be in qs]
                                               ^^
  File "C:\Users\HP\AppData\Roaming\Python\Python314\site-packages\django\db\models\query.py", line 473, in __iter__
    self._fetch_all()
    ~~~~~~~~~~~~~~~^^
  File "C:\Users\HP\AppData\Roaming\Python\Python314\site-packages\django\db\models\query.py", line 2287, in _fetch_all
    self._result_cache = list(self._iterable_class(self))
                         ~~~~^^^^^^^^^^^^^^^^^^^^^^^^^^^^
  File "C:\Users\HP\AppData\Roaming\Python\Python314\site-packages\django\db\models\query.py", line 131, in __iter__
    results = compiler.execute_sql(
        chunked_fetch=self.chunked_fetch, chunk_size=self.chunk_size
    )
  File "C:\Users\HP\AppData\Roaming\Python\Python314\site-packages\django\db\models\sql\compiler.py", line 1643, in execute_sql
    cursor.execute(sql, params)
    ~~~~~~~~~~~~~~^^^^^^^^^^^^^
  File "C:\Users\HP\AppData\Roaming\Python\Python314\site-packages\django\db\backends\utils.py", line 122, in execute
    return super().execute(sql, params)
           ~~~~~~~~~~~~~~~^^^^^^^^^^^^^
  File "C:\Users\HP\AppData\Roaming\Python\Python314\site-packages\django\db\backends\utils.py", line 79, in execute
    return self._execute_with_wrappers(
           ~~~~~~~~~~~~~~~~~~~~~~~~~~~^
        sql, params, many=False, executor=self._execute
        ^^^^^^^^^^^^^^^^^^^^^^^^^^^^^^^^^^^^^^^^^^^^^^^
    )
    ^
  File "C:\Users\HP\AppData\Roaming\Python\Python314\site-packages\django\db\backends\utils.py", line 92, in _execute_with_wrappers
    return executor(sql, params, many, context)
  File "C:\Users\HP\AppData\Roaming\Python\Python314\site-packages\django\db\backends\utils.py", line 100, in _execute
    with self.db.wrap_database_errors:
         ^^^^^^^^^^^^^^^^^^^^^^^^^^^^
  File "C:\Users\HP\AppData\Roaming\Python\Python314\site-packages\django\db\utils.py", line 94, in __exit__
    raise dj_exc_value.with_traceback(traceback) from exc_value
  File "C:\Users\HP\AppData\Roaming\Python\Python314\site-packages\django\db\backends\utils.py", line 105, in _execute
    return self.cursor.execute(sql, params)
           ~~~~~~~~~~~~~~~~~~~^^^^^^^^^^^^^
  File "C:\Users\HP\AppData\Roaming\Python\Python314\site-packages\django\db\backends\sqlite3\base.py", line 359, in execute
    return super().execute(query, params)
           ~~~~~~~~~~~~~~~^^^^^^^^^^^^^^^
django.db.utils.OperationalError: no such table: brain_event
2026-09-22 14:57:22,843 api.brain:101 [ERROR] brain_weekly_report 异常: no such table: brain_weekly_report
Traceback (most recent call last):
  File "C:\Users\HP\AppData\Roaming\Python\Python314\site-packages\django\db\backends\utils.py", line 105, in _execute
    return self.cursor.execute(sql, params)
           ~~~~~~~~~~~~~~~~~~~^^^^^^^^^^^^^
  File "C:\Users\HP\AppData\Roaming\Python\Python314\site-packages\django\db\backends\sqlite3\base.py", line 359, in execute
    return super().execute(query, params)
           ~~~~~~~~~~~~~~~^^^^^^^^^^^^^^^
sqlite3.OperationalError: no such table: brain_weekly_report

The above exception was the direct cause of the following exception:

Traceback (most recent call last):
  File "E:\Anker黑客松\rebucca-main\rebucca-main\app\brain_api.py", line 87, in brain_weekly_report
    wr = WeeklyReport.objects.order_by("-week_start").first()
  File "C:\Users\HP\AppData\Roaming\Python\Python314\site-packages\django\db\models\query.py", line 1228, in first
    for obj in queryset[:1]:
               ~~~~~~~~^^^^
  File "C:\Users\HP\AppData\Roaming\Python\Python314\site-packages\django\db\models\query.py", line 473, in __iter__
    self._fetch_all()
    ~~~~~~~~~~~~~~~^^
  File "C:\Users\HP\AppData\Roaming\Python\Python314\site-packages\django\db\models\query.py", line 2287, in _fetch_all
    self._result_cache = list(self._iterable_class(self))
                         ~~~~^^^^^^^^^^^^^^^^^^^^^^^^^^^^
  File "C:\Users\HP\AppData\Roaming\Python\Python314\site-packages\django\db\models\query.py", line 131, in __iter__
    results = compiler.execute_sql(
        chunked_fetch=self.chunked_fetch, chunk_size=self.chunk_size
    )
  File "C:\Users\HP\AppData\Roaming\Python\Python314\site-packages\django\db\models\sql\compiler.py", line 1643, in execute_sql
    cursor.execute(sql, params)
    ~~~~~~~~~~~~~~^^^^^^^^^^^^^
  File "C:\Users\HP\AppData\Roaming\Python\Python314\site-packages\django\db\backends\utils.py", line 122, in execute
    return super().execute(sql, params)
           ~~~~~~~~~~~~~~~^^^^^^^^^^^^^
  File "C:\Users\HP\AppData\Roaming\Python\Python314\site-packages\django\db\backends\utils.py", line 79, in execute
    return self._execute_with_wrappers(
           ~~~~~~~~~~~~~~~~~~~~~~~~~~~^
        sql, params, many=False, executor=self._execute
        ^^^^^^^^^^^^^^^^^^^^^^^^^^^^^^^^^^^^^^^^^^^^^^^
    )
    ^
  File "C:\Users\HP\AppData\Roaming\Python\Python314\site-packages\django\db\backends\utils.py", line 92, in _execute_with_wrappers
    return executor(sql, params, many, context)
  File "C:\Users\HP\AppData\Roaming\Python\Python314\site-packages\django\db\backends\utils.py", line 100, in _execute
    with self.db.wrap_database_errors:
         ^^^^^^^^^^^^^^^^^^^^^^^^^^^^
  File "C:\Users\HP\AppData\Roaming\Python\Python314\site-packages\django\db\utils.py", line 94, in __exit__
    raise dj_exc_value.with_traceback(traceback) from exc_value
  File "C:\Users\HP\AppData\Roaming\Python\Python314\site-packages\django\db\backends\utils.py", line 105, in _execute
    return self.cursor.execute(sql, params)
           ~~~~~~~~~~~~~~~~~~~^^^^^^^^^^^^^
  File "C:\Users\HP\AppData\Roaming\Python\Python314\site-packages\django\db\backends\sqlite3\base.py", line 359, in execute
    return super().execute(query, params)
           ~~~~~~~~~~~~~~~^^^^^^^^^^^^^^^
django.db.utils.OperationalError: no such table: brain_weekly_report
2026-09-22 14:57:24,418 api.brain:49 [ERROR] brain_events 异常: no such table: brain_event
Traceback (most recent call last):
  File "C:\Users\HP\AppData\Roaming\Python\Python314\site-packages\django\db\backends\utils.py", line 105, in _execute
    return self.cursor.execute(sql, params)
           ~~~~~~~~~~~~~~~~~~~^^^^^^^^^^^^^
  File "C:\Users\HP\AppData\Roaming\Python\Python314\site-packages\django\db\backends\sqlite3\base.py", line 359, in execute
    return super().execute(query, params)
           ~~~~~~~~~~~~~~~^^^^^^^^^^^^^^^
sqlite3.OperationalError: no such table: brain_event

The above exception was the direct cause of the following exception:

Traceback (most recent call last):
  File "E:\Anker黑客松\rebucca-main\rebucca-main\app\brain_api.py", line 46, in brain_events
    data = [_brain_event_to_dict(be) for be in qs]
                                               ^^
  File "C:\Users\HP\AppData\Roaming\Python\Python314\site-packages\django\db\models\query.py", line 473, in __iter__
    self._fetch_all()
    ~~~~~~~~~~~~~~~^^
  File "C:\Users\HP\AppData\Roaming\Python\Python314\site-packages\django\db\models\query.py", line 2287, in _fetch_all
    self._result_cache = list(self._iterable_class(self))
                         ~~~~^^^^^^^^^^^^^^^^^^^^^^^^^^^^
  File "C:\Users\HP\AppData\Roaming\Python\Python314\site-packages\django\db\models\query.py", line 131, in __iter__
    results = compiler.execute_sql(
        chunked_fetch=self.chunked_fetch, chunk_size=self.chunk_size
    )
  File "C:\Users\HP\AppData\Roaming\Python\Python314\site-packages\django\db\models\sql\compiler.py", line 1643, in execute_sql
    cursor.execute(sql, params)
    ~~~~~~~~~~~~~~^^^^^^^^^^^^^
  File "C:\Users\HP\AppData\Roaming\Python\Python314\site-packages\django\db\backends\utils.py", line 122, in execute
    return super().execute(sql, params)
           ~~~~~~~~~~~~~~~^^^^^^^^^^^^^
  File "C:\Users\HP\AppData\Roaming\Python\Python314\site-packages\django\db\backends\utils.py", line 79, in execute
    return self._execute_with_wrappers(
           ~~~~~~~~~~~~~~~~~~~~~~~~~~~^
        sql, params, many=False, executor=self._execute
        ^^^^^^^^^^^^^^^^^^^^^^^^^^^^^^^^^^^^^^^^^^^^^^^
    )
    ^
  File "C:\Users\HP\AppData\Roaming\Python\Python314\site-packages\django\db\backends\utils.py", line 92, in _execute_with_wrappers
    return executor(sql, params, many, context)
  File "C:\Users\HP\AppData\Roaming\Python\Python314\site-packages\django\db\backends\utils.py", line 100, in _execute
    with self.db.wrap_database_errors:
         ^^^^^^^^^^^^^^^^^^^^^^^^^^^^
  File "C:\Users\HP\AppData\Roaming\Python\Python314\site-packages\django\db\utils.py", line 94, in __exit__
    raise dj_exc_value.with_traceback(traceback) from exc_value
  File "C:\Users\HP\AppData\Roaming\Python\Python314\site-packages\django\db\backends\utils.py", line 105, in _execute
    return self.cursor.execute(sql, params)
           ~~~~~~~~~~~~~~~~~~~^^^^^^^^^^^^^
  File "C:\Users\HP\AppData\Roaming\Python\Python314\site-packages\django\db\backends\sqlite3\base.py", line 359, in execute
    return super().execute(query, params)
           ~~~~~~~~~~~~~~~^^^^^^^^^^^^^^^
django.db.utils.OperationalError: no such table: brain_event
2026-09-22 14:57:25,750 api.brain:101 [ERROR] brain_weekly_report 异常: no such table: brain_weekly_report
Traceback (most recent call last):
  File "C:\Users\HP\AppData\Roaming\Python\Python314\site-packages\django\db\backends\utils.py", line 105, in _execute
    return self.cursor.execute(sql, params)
           ~~~~~~~~~~~~~~~~~~~^^^^^^^^^^^^^
  File "C:\Users\HP\AppData\Roaming\Python\Python314\site-packages\django\db\backends\sqlite3\base.py", line 359, in execute
    return super().execute(query, params)
           ~~~~~~~~~~~~~~~^^^^^^^^^^^^^^^
sqlite3.OperationalError: no such table: brain_weekly_report

The above exception was the direct cause of the following exception:

Traceback (most recent call last):
  File "E:\Anker黑客松\rebucca-main\rebucca-main\app\brain_api.py", line 87, in brain_weekly_report
    wr = WeeklyReport.objects.order_by("-week_start").first()
  File "C:\Users\HP\AppData\Roaming\Python\Python314\site-packages\django\db\models\query.py", line 1228, in first
    for obj in queryset[:1]:
               ~~~~~~~~^^^^
  File "C:\Users\HP\AppData\Roaming\Python\Python314\site-packages\django\db\models\query.py", line 473, in __iter__
    self._fetch_all()
    ~~~~~~~~~~~~~~~^^
  File "C:\Users\HP\AppData\Roaming\Python\Python314\site-packages\django\db\models\query.py", line 2287, in _fetch_all
    self._result_cache = list(self._iterable_class(self))
                         ~~~~^^^^^^^^^^^^^^^^^^^^^^^^^^^^
  File "C:\Users\HP\AppData\Roaming\Python\Python314\site-packages\django\db\models\query.py", line 131, in __iter__
    results = compiler.execute_sql(
        chunked_fetch=self.chunked_fetch, chunk_size=self.chunk_size
    )
  File "C:\Users\HP\AppData\Roaming\Python\Python314\site-packages\django\db\models\sql\compiler.py", line 1643, in execute_sql
    cursor.execute(sql, params)
    ~~~~~~~~~~~~~~^^^^^^^^^^^^^
  File "C:\Users\HP\AppData\Roaming\Python\Python314\site-packages\django\db\backends\utils.py", line 122, in execute
    return super().execute(sql, params)
           ~~~~~~~~~~~~~~~^^^^^^^^^^^^^
  File "C:\Users\HP\AppData\Roaming\Python\Python314\site-packages\django\db\backends\utils.py", line 79, in execute
    return self._execute_with_wrappers(
           ~~~~~~~~~~~~~~~~~~~~~~~~~~~^
        sql, params, many=False, executor=self._execute
        ^^^^^^^^^^^^^^^^^^^^^^^^^^^^^^^^^^^^^^^^^^^^^^^
    )
    ^
  File "C:\Users\HP\AppData\Roaming\Python\Python314\site-packages\django\db\backends\utils.py", line 92, in _execute_with_wrappers
    return executor(sql, params, many, context)
  File "C:\Users\HP\AppData\Roaming\Python\Python314\site-packages\django\db\backends\utils.py", line 100, in _execute
    with self.db.wrap_database_errors:
         ^^^^^^^^^^^^^^^^^^^^^^^^^^^^
  File "C:\Users\HP\AppData\Roaming\Python\Python314\site-packages\django\db\utils.py", line 94, in __exit__
    raise dj_exc_value.with_traceback(traceback) from exc_value
  File "C:\Users\HP\AppData\Roaming\Python\Python314\site-packages\django\db\backends\utils.py", line 105, in _execute
    return self.cursor.execute(sql, params)
           ~~~~~~~~~~~~~~~~~~~^^^^^^^^^^^^^
  File "C:\Users\HP\AppData\Roaming\Python\Python314\site-packages\django\db\backends\sqlite3\base.py", line 359, in execute
    return super().execute(query, params)
           ~~~~~~~~~~~~~~~^^^^^^^^^^^^^^^
django.db.utils.OperationalError: no such table: brain_weekly_report
