2026-09-22 14:47:31,798 root:44 [INFO] rebucca v1.004,rebucca
2026-09-22 14:47:31,798 root:45 [INFO] rebucca built on 2026/09/02
2026-09-22 14:47:31,798 root:46 [INFO] g_filepath_config_json=E:\Anker黑客松\rebucca-main\rebucca-main\config.json
2026-09-22 14:47:31,798 root:47 [INFO] config.json:{'safe': 'rebucca_safe_key_2026', 'host': '0.0.0.0', 'adminPort': 10001, 'mediaHttpPort': 10002, 'mediaRtspPort': 10554, 'mediaRtmpPort': 10935, 'isEnableMediaProxyRtmp': True, 'mediaSecret': 'aqxY9ps21fyhyKNRyYpGvJCTp1JBeGOM', 'mediaStartPath': 'zlm\\bin.x86.windows10\\rebucca_zlm.exe', 'mediaStartConfigPath': 'zlm\\bin.x86.windows10\\config.ini', 'autoStartMedia': True, 'ffmpeg': 'ffmpeg', 'fontPath': 'static\\fonts\\tsimhei.ttf', 'uploadDir': 'static\\upload', 'storageDir': 'static\\storage', 'autoAddStreamProxySleep': 16, 'autoAddStreamProxy': True, 'logDebug': True, 'isEnableLoginCaptcha': False, 'isEnableUpdatePopup': True, 'analysisTargetFps': 5, 'analysisConfThreshold': 0.4, 'analysisProcessMode': 1, 'analysisSharedInference': True, 'analysisInferenceWorkers': 2, 'recordingEnabled': False, 'recordingSegmentSeconds': 600, 'recordingRetainDays': 7, 'recordingRetainGb': 0.0, 'sipServer': {'sipServerIp': '192.168.1.7', 'sipServerPort': 15060, 'sipServerNonce': '12345678', 'sipTransferMode': 0, 'sipServerId': '34020000009000009999', 'sipServerRealm': '3402000000', 'sipServerPass': '123456', 'sipServerTimeout': 300, 'sipServerExpiry': 1800, 'rtpTransferMode': 0, 'rtpTransferAudioType': 0, 'autoInviteAfterRecCateLog': True}}
2026-09-22 14:47:31,799 root:48 [INFO] logDebug=1
2026-09-22 14:47:31,799 root:51 [INFO] argv_extend=None
2026-09-22 14:47:31,799 root:19 [INFO] ZLMediaKitApi.__init__()
2026-09-22 14:47:31,799 root:289 [DEBUG] GB28181SipServer.__init__()
2026-09-22 14:47:31,799 root:410 [DEBUG] [GSS] start...
2026-09-22 14:47:31,800 root:428 [DEBUG] [GSS] SIP服务器已启动: UDP 0.0.0.0:15060:192.168.1.7:15060
2026-09-22 14:47:31,843 root:321 [INFO] InnerView.t_init_thread()
2026-09-22 14:47:33,814 django.request:283 [ERROR] Internal Server Error: /brain/page
Traceback (most recent call last):
  File "C:\Users\HP\AppData\Roaming\Python\Python314\site-packages\django\core\handlers\exception.py", line 56, in inner
    response = get_response(request)
  File "C:\Users\HP\AppData\Roaming\Python\Python314\site-packages\django\core\handlers\base.py", line 199, in _get_response
    response = wrapped_callback(request, *callback_args, **callback_kwargs)
  File "E:\Anker黑客松\rebucca-main\rebucca-main\app\brain_api.py", line 154, in brain_page
    return render(request, "app/brain/index.html")
  File "C:\Users\HP\AppData\Roaming\Python\Python314\site-packages\django\shortcuts.py", line 27, in render
    content = loader.render_to_string(template_name, context, request, using=using)
  File "C:\Users\HP\AppData\Roaming\Python\Python314\site-packages\django\template\loader.py", line 61, in render_to_string
    template = get_template(template_name, using=using)
  File "C:\Users\HP\AppData\Roaming\Python\Python314\site-packages\django\template\loader.py", line 15, in get_template
    return engine.get_template(template_name)
           ~~~~~~~~~~~~~~~~~~~^^^^^^^^^^^^^^^
  File "C:\Users\HP\AppData\Roaming\Python\Python314\site-packages\django\template\backends\django.py", line 79, in get_template
    return Template(self.engine.get_template(template_name), self)
                    ~~~~~~~~~~~~~~~~~~~~~~~~^^^^^^^^^^^^^^^
  File "C:\Users\HP\AppData\Roaming\Python\Python314\site-packages\django\template\engine.py", line 186, in get_template
    template, origin = self.find_template(template_name)
                       ~~~~~~~~~~~~~~~~~~^^^^^^^^^^^^^^^
  File "C:\Users\HP\AppData\Roaming\Python\Python314\site-packages\django\template\engine.py", line 159, in find_template
    template = loader.get_template(name, skip=skip)
  File "C:\Users\HP\AppData\Roaming\Python\Python314\site-packages\django\template\loaders\cached.py", line 57, in get_template
    template = super().get_template(template_name, skip)
  File "C:\Users\HP\AppData\Roaming\Python\Python314\site-packages\django\template\loaders\base.py", line 28, in get_template
    return Template(
        contents,
    ...<2 lines>...
        self.engine,
    )
  File "C:\Users\HP\AppData\Roaming\Python\Python314\site-packages\django\template\base.py", line 157, in __init__
    self.nodelist = self.compile_nodelist()
                    ~~~~~~~~~~~~~~~~~~~~~^^
  File "C:\Users\HP\AppData\Roaming\Python\Python314\site-packages\django\template\base.py", line 199, in compile_nodelist
    nodelist = parser.parse()
  File "C:\Users\HP\AppData\Roaming\Python\Python314\site-packages\django\template\base.py", line 602, in parse
    raise self.error(token, e)
  File "C:\Users\HP\AppData\Roaming\Python\Python314\site-packages\django\template\base.py", line 600, in parse
    compiled_result = compile_func(self, token)
  File "C:\Users\HP\AppData\Roaming\Python\Python314\site-packages\django\template\loader_tags.py", line 307, in do_extends
    nodelist = parser.parse()
  File "C:\Users\HP\AppData\Roaming\Python\Python314\site-packages\django\template\base.py", line 602, in parse
    raise self.error(token, e)
  File "C:\Users\HP\AppData\Roaming\Python\Python314\site-packages\django\template\base.py", line 600, in parse
    compiled_result = compile_func(self, token)
  File "C:\Users\HP\AppData\Roaming\Python\Python314\site-packages\django\template\loader_tags.py", line 235, in do_block
    nodelist = parser.parse(("endblock",))
  File "C:\Users\HP\AppData\Roaming\Python\Python314\site-packages\django\template\base.py", line 556, in parse
    raise self.error(token, e)
  File "C:\Users\HP\AppData\Roaming\Python\Python314\site-packages\django\template\base.py", line 554, in parse
    filter_expression = self.compile_filter(token.contents)
  File "C:\Users\HP\AppData\Roaming\Python\Python314\site-packages\django\template\base.py", line 693, in compile_filter
    return FilterExpression(token, self)
  File "C:\Users\HP\AppData\Roaming\Python\Python314\site-packages\django\template\base.py", line 793, in __init__
    raise TemplateSyntaxError(
    ...<2 lines>...
    )
django.template.exceptions.TemplateSyntaxError: Template: E:\Anker黑客松\rebucca-main\rebucca-main\templates\app\brain\index.html, Could not parse the remainder: '(evt.timestamp)' from 'formatTime(evt.timestamp)'
