2026-09-22 22:41:41,794 root:44 [INFO] rebucca v1.004,rebucca
2026-09-22 22:41:41,794 root:45 [INFO] rebucca built on 2026/09/02
2026-09-22 22:41:41,794 root:46 [INFO] g_filepath_config_json=E:\Anker黑客松\rebucca-main\rebucca-main\config.json
2026-09-22 22:41:41,794 root:47 [INFO] config.json:{'safe': 'rebucca_safe_key_2026', 'host': '0.0.0.0', 'adminPort': 10001, 'mediaHttpPort': 10002, 'mediaRtspPort': 10554, 'mediaRtmpPort': 10935, 'isEnableMediaProxyRtmp': True, 'mediaSecret': 'aqxY9ps21fyhyKNRyYpGvJCTp1JBeGOM', 'mediaStartPath': 'zlm\\bin.x86.windows10\\rebucca_zlm.exe', 'mediaStartConfigPath': 'zlm\\bin.x86.windows10\\config.ini', 'autoStartMedia': True, 'ffmpeg': 'ffmpeg', 'fontPath': 'static\\fonts\\tsimhei.ttf', 'uploadDir': 'static\\upload', 'storageDir': 'static\\storage', 'autoAddStreamProxySleep': 16, 'autoAddStreamProxy': True, 'logDebug': True, 'isEnableLoginCaptcha': False, 'isEnableUpdatePopup': True, 'analysisTargetFps': 5, 'analysisConfThreshold': 0.4, 'analysisProcessMode': 1, 'analysisSharedInference': True, 'analysisInferenceWorkers': 2, 'recordingEnabled': False, 'recordingSegmentSeconds': 600, 'recordingRetainDays': 7, 'recordingRetainGb': 0.0, 'sipServer': {'sipServerIp': '192.168.1.7', 'sipServerPort': 15060, 'sipServerNonce': '12345678', 'sipTransferMode': 0, 'sipServerId': '34020000009000009999', 'sipServerRealm': '3402000000', 'sipServerPass': '123456', 'sipServerTimeout': 300, 'sipServerExpiry': 1800, 'rtpTransferMode': 0, 'rtpTransferAudioType': 0, 'autoInviteAfterRecCateLog': True}}
2026-09-22 22:41:41,795 root:48 [INFO] logDebug=1
2026-09-22 22:41:41,795 root:51 [INFO] argv_extend=test
2026-09-22 22:41:41,795 root:19 [INFO] ZLMediaKitApi.__init__()
2026-09-22 22:41:41,795 root:289 [DEBUG] GB28181SipServer.__init__()
2026-09-22 22:41:41,795 root:410 [DEBUG] [GSS] start...
2026-09-22 22:41:41,795 root:428 [DEBUG] [GSS] SIP服务器已启动: UDP 0.0.0.0:15060:192.168.1.7:15060
2026-09-22 22:41:41,849 root:321 [INFO] InnerView.t_init_thread()
2026-09-22 22:41:42,621 services.video_stream:27 [INFO] 正在打开本地摄像头 index=99 ...
2026-09-22 22:41:43,145 services.video_stream:40 [ERROR] 无法打开本地摄像头(index=99)，请检查摄像头是否被占用、是否已授予应用摄像头权限
2026-09-22 22:41:43,146 services.vlm_client:79 [WARNING] VLM_API_KEY 未配置，understand_scene 将使用本地运动启发式分析（mock 降级）
2026-09-22 22:41:43,146 services.device_control:26 [INFO] [模拟PTZ] camera=local-cam 转向 -> center
2026-09-22 22:41:43,147 services.device_control:35 [INFO] [模拟灯光] camera=local-cam 亮度 -> 80%
2026-09-22 22:41:43,147 services.device_control:41 [INFO] [模拟语音] camera=local-cam 内容 -> 您回来啦，辛苦了，欢迎回家
2026-09-22 22:41:43,201 services.welcome_scene:155 [WARNING] ★ 迎宾触发 #1 age=elder source=mock alert_id=1
2026-09-22 22:41:43,203 services.vlm_client:79 [WARNING] VLM_API_KEY 未配置，understand_scene 将使用本地运动启发式分析（mock 降级）
2026-09-22 22:41:43,203 services.device_control:26 [INFO] [模拟PTZ] camera=local-cam 转向 -> center
2026-09-22 22:41:43,204 services.device_control:35 [INFO] [模拟灯光] camera=local-cam 亮度 -> 80%
2026-09-22 22:41:43,204 services.device_control:41 [INFO] [模拟语音] camera=local-cam 内容 -> 欢迎回家，已为您点亮灯光
2026-09-22 22:41:43,205 services.welcome_scene:155 [WARNING] ★ 迎宾触发 #1 age=adult source=mock alert_id=1
2026-09-22 22:41:43,205 services.welcome_scene:116 [INFO] 迎宾防抖命中，5.0 秒内不重复触发
2026-09-22 22:41:43,206 services.device_control:26 [INFO] [模拟PTZ] camera=local-cam 转向 -> center
2026-09-22 22:41:43,206 services.device_control:35 [INFO] [模拟灯光] camera=local-cam 亮度 -> 80%
2026-09-22 22:41:43,206 services.device_control:41 [INFO] [模拟语音] camera=local-cam 内容 -> 欢迎回家，已为您点亮灯光
2026-09-22 22:41:43,207 services.welcome_scene:155 [WARNING] ★ 迎宾触发 #2 age=adult source=mock alert_id=2
2026-09-22 22:41:43,208 services.vlm_client:79 [WARNING] VLM_API_KEY 未配置，understand_scene 将使用本地运动启发式分析（mock 降级）
2026-09-22 22:41:43,209 services.vlm_client:79 [WARNING] VLM_API_KEY 未配置，understand_scene 将使用本地运动启发式分析（mock 降级）
